// Jest Snapshot v1, https://goo.gl/fbAQLP

exports[`PredicateEditor Snapshots renders correctly 1`] = `
Array [
  <div
    className="MuiGrid-root MuiGrid-container MuiGrid-spacing-xs-1 css-a5rdam-MuiGrid-root"
  >
    <div
      className="MuiGrid-root MuiGrid-item MuiGrid-grid-xs-12 MuiGrid-grid-md-3 css-1mhtw2e-MuiGrid-root"
    >
      <div
        className="MuiFormControl-root css-q8hpuo-MuiFormControl-root"
      >
        <label
          className="MuiInputLabel-root MuiInputLabel-formControl MuiInputLabel-animated MuiInputLabel-shrink MuiInputLabel-outlined MuiFormLabel-root MuiFormLabel-colorPrimary MuiFormLabel-filled css-1kty9di-MuiFormLabel-root-MuiInputLabel-root"
          data-shrink={true}
          htmlFor="editor-select-subject"
        >
          Subject
        </label>
        <div
          className="MuiOutlinedInput-root MuiInputBase-root MuiInputBase-colorPrimary MuiInputBase-formControl MuiSelect-root css-9ddj71-MuiInputBase-root-MuiOutlinedInput-root"
          onClick={[Function]}
        >
          <select
            aria-invalid={false}
            className="MuiNativeSelect-select MuiNativeSelect-outlined MuiOutlinedInput-input MuiInputBase-input css-ffg8md-MuiNativeSelect-select-MuiInputBase-input-MuiOutlinedInput-input"
            disabled={false}
            id="editor-select-subject"
            multiple={false}
            name="subjectId"
            onAnimationStart={[Function]}
            onBlur={[Function]}
            onChange={[Function]}
            onFocus={[Function]}
            required={false}
            value="firstName"
          >
            <option
              aria-label="None"
              value=""
            />
            <option
              value="firstName"
            >
              First Name
            </option>
            <option
              value="lastName"
            >
              Last Name
            </option>
            <option
              value="postalCode"
            >
              Postal Code
            </option>
            <option
              value="annualIncome"
            >
              Annual Income
            </option>
            <option
              value="region"
            >
              Region
            </option>
            <option
              value="favoriteFruit"
            >
              Favorite Fruit
            </option>
            <option
              value="startDate"
            >
              Start Date
            </option>
            <option
              value="numberOfChildren"
            >
              Number of Children
            </option>
          </select>
          <svg
            aria-hidden={true}
            className="MuiSvgIcon-root MuiSvgIcon-fontSizeMedium MuiNativeSelect-icon MuiNativeSelect-iconOutlined css-1g12qau-MuiSvgIcon-root-MuiNativeSelect-icon"
            data-testid="ArrowDropDownIcon"
            focusable="false"
            viewBox="0 0 24 24"
          >
            <path
              d="M7 10l5 5 5-5z"
            />
          </svg>
          <fieldset
            aria-hidden={true}
            className="MuiOutlinedInput-notchedOutline css-1d3z3hw-MuiOutlinedInput-notchedOutline"
          >
            <legend
              className="css-186xcr5"
            >
              <span>
                Subject
              </span>
            </legend>
          </fieldset>
        </div>
      </div>
    </div>
    <div
      className="MuiGrid-root MuiGrid-item MuiGrid-grid-xs-12 MuiGrid-grid-md-3 css-1mhtw2e-MuiGrid-root"
    >
      <div
        className="MuiFormControl-root css-q8hpuo-MuiFormControl-root"
      >
        <label
          className="MuiInputLabel-root MuiInputLabel-formControl MuiInputLabel-animated MuiInputLabel-shrink MuiInputLabel-outlined MuiFormLabel-root MuiFormLabel-colorPrimary MuiFormLabel-filled css-1kty9di-MuiFormLabel-root-MuiInputLabel-root"
          data-shrink={true}
          htmlFor="editor-select-operator"
        >
          Operator
        </label>
        <div
          className="MuiOutlinedInput-root MuiInputBase-root MuiInputBase-colorPrimary MuiInputBase-formControl MuiSelect-root css-9ddj71-MuiInputBase-root-MuiOutlinedInput-root"
          onClick={[Function]}
        >
          <select
            aria-invalid={false}
            className="MuiNativeSelect-select MuiNativeSelect-outlined MuiOutlinedInput-input MuiInputBase-input css-ffg8md-MuiNativeSelect-select-MuiInputBase-input-MuiOutlinedInput-input"
            disabled={false}
            id="editor-select-operator"
            multiple={false}
            name="operator"
            onAnimationStart={[Function]}
            onBlur={[Function]}
            onChange={[Function]}
            onFocus={[Function]}
            required={false}
            value="$eq"
          >
            <option
              value="$eq"
            >
              يساوي
            </option>
            <option
              value="$gt"
            >
              أكبر من
            </option>
            <option
              value="$like"
            >
              يحتوي على
            </option>
          </select>
          <svg
            aria-hidden={true}
            className="MuiSvgIcon-root MuiSvgIcon-fontSizeMedium MuiNativeSelect-icon MuiNativeSelect-iconOutlined css-1g12qau-MuiSvgIcon-root-MuiNativeSelect-icon"
            data-testid="ArrowDropDownIcon"
            focusable="false"
            viewBox="0 0 24 24"
          >
            <path
              d="M7 10l5 5 5-5z"
            />
          </svg>
          <fieldset
            aria-hidden={true}
            className="MuiOutlinedInput-notchedOutline css-1d3z3hw-MuiOutlinedInput-notchedOutline"
          >
            <legend
              className="css-186xcr5"
            >
              <span>
                Operator
              </span>
            </legend>
          </fieldset>
        </div>
      </div>
    </div>
    <div
      className="MuiGrid-root MuiGrid-item MuiGrid-grid-xs-12 MuiGrid-grid-md-5 css-1a8jlry-MuiGrid-root"
      style={
        Object {
          "textAlign": "left",
        }
      }
    >
      <div
        className="MuiFormControl-root css-q8hpuo-MuiFormControl-root"
      >
        <div
          className="MuiFormControl-root MuiTextField-root css-1u3bzj6-MuiFormControl-root-MuiTextField-root"
        >
          <label
            className="MuiInputLabel-root MuiInputLabel-formControl MuiInputLabel-animated MuiInputLabel-outlined MuiFormLabel-root MuiFormLabel-colorPrimary css-14s5rfu-MuiFormLabel-root-MuiInputLabel-root"
            data-shrink={false}
            htmlFor="mux-id"
            id="mux-id-label"
          >
            Value
          </label>
          <div
            className="MuiOutlinedInput-root MuiInputBase-root MuiInputBase-colorPrimary MuiInputBase-formControl css-9ddj71-MuiInputBase-root-MuiOutlinedInput-root"
            onClick={[Function]}
          >
            <input
              aria-invalid={false}
              autoFocus={false}
              className="MuiOutlinedInput-input MuiInputBase-input css-1t8l2tu-MuiInputBase-input-MuiOutlinedInput-input"
              disabled={false}
              id="mux-id"
              name="mux-name"
              onAnimationStart={[Function]}
              onBlur={[Function]}
              onChange={[Function]}
              onFocus={[Function]}
              required={false}
              type="text"
              value=""
            />
            <fieldset
              aria-hidden={true}
              className="MuiOutlinedInput-notchedOutline css-1d3z3hw-MuiOutlinedInput-notchedOutline"
            >
              <legend
                className="css-dhh0px"
              >
                <span>
                  Value
                </span>
              </legend>
            </fieldset>
          </div>
        </div>
      </div>
    </div>
    <div
      className="MuiGrid-root MuiGrid-item MuiGrid-grid-xs-12 MuiGrid-grid-md-1 css-mqqb9l-MuiGrid-root"
      style={
        Object {
          "textAlign": "center",
        }
      }
    >
      <div
        className="MuiGrid-root MuiGrid-container MuiGrid-spacing-xs-3 css-uinpbw-MuiGrid-root"
      >
        <div
          className="MuiGrid-root MuiGrid-item MuiGrid-grid-xs-6 css-ayy8wd-MuiGrid-root"
        >
          <button
            aria-label="Finalizado"
            className="MuiButtonBase-root MuiIconButton-root MuiIconButton-colorSuccess MuiIconButton-sizeMedium css-1r6h6t4-MuiButtonBase-root-MuiIconButton-root"
            disabled={false}
            onBlur={[Function]}
            onClick={[Function]}
            onContextMenu={[Function]}
            onDragLeave={[Function]}
            onFocus={[Function]}
            onKeyDown={[Function]}
            onKeyUp={[Function]}
            onMouseDown={[Function]}
            onMouseLeave={[Function]}
            onMouseUp={[Function]}
            onTouchEnd={[Function]}
            onTouchMove={[Function]}
            onTouchStart={[Function]}
            tabIndex={0}
            type="button"
          >
            <svg
              aria-hidden={true}
              className="MuiSvgIcon-root MuiSvgIcon-fontSizeMedium css-i4bv87-MuiSvgIcon-root"
              data-testid="DoneSharpIcon"
              focusable="false"
              viewBox="0 0 24 24"
            >
              <path
                d="M9 16.2 4.8 12l-1.4 1.4L9 19 21 7l-1.4-1.4L9 16.2z"
              />
            </svg>
          </button>
        </div>
        <div
          className="MuiGrid-root MuiGrid-item MuiGrid-grid-xs-6 css-ayy8wd-MuiGrid-root"
        >
          <button
            aria-label="Cancelar"
            className="MuiButtonBase-root MuiIconButton-root MuiIconButton-colorError MuiIconButton-sizeMedium css-1jo1f9u-MuiButtonBase-root-MuiIconButton-root"
            disabled={false}
            onBlur={[Function]}
            onClick={[Function]}
            onContextMenu={[Function]}
            onDragLeave={[Function]}
            onFocus={[Function]}
            onKeyDown={[Function]}
            onKeyUp={[Function]}
            onMouseDown={[Function]}
            onMouseLeave={[Function]}
            onMouseUp={[Function]}
            onTouchEnd={[Function]}
            onTouchMove={[Function]}
            onTouchStart={[Function]}
            tabIndex={0}
            type="button"
          >
            <svg
              aria-hidden={true}
              className="MuiSvgIcon-root MuiSvgIcon-fontSizeMedium css-i4bv87-MuiSvgIcon-root"
              data-testid="ClearSharpIcon"
              focusable="false"
              viewBox="0 0 24 24"
            >
              <path
                d="M19 6.41 17.59 5 12 10.59 6.41 5 5 6.41 10.59 12 5 17.59 6.41 19 12 13.41 17.59 19 19 17.59 13.41 12 19 6.41z"
              />
            </svg>
          </button>
        </div>
      </div>
    </div>
  </div>,
  " ",
]
`;
