// Jest Snapshot v1, https://goo.gl/fbAQLP

exports[`renders correctly 1`] = `
Array [
  " ",
  <div
    className="Toastify"
  />,
  <div
    className="MuiBox-root css-k008qs"
  >
    <header
      className="MuiPaper-root MuiPaper-elevation MuiPaper-elevation4 MuiAppBar-root MuiAppBar-colorPrimary MuiAppBar-positionFixed mui-fixed css-1191obr-MuiPaper-root-MuiAppBar-root"
      dir="ltr"
    >
      <div
        className="MuiToolbar-root MuiToolbar-gutters MuiToolbar-regular css-14v3fac-MuiToolbar-root"
      >
        <button
          aria-label="open drawer"
          className="MuiButtonBase-root MuiIconButton-root MuiIconButton-colorInherit MuiIconButton-edgeStart MuiIconButton-sizeMedium css-1johsky-MuiButtonBase-root-MuiIconButton-root"
          disabled={false}
          onBlur={[Function]}
          onClick={[Function]}
          onContextMenu={[Function]}
          onDragLeave={[Function]}
          onFocus={[Function]}
          onKeyDown={[Function]}
          onKeyUp={[Function]}
          onMouseDown={[Function]}
          onMouseLeave={[Function]}
          onMouseUp={[Function]}
          onTouchEnd={[Function]}
          onTouchMove={[Function]}
          onTouchStart={[Function]}
          tabIndex={0}
          type="button"
        >
          <svg
            aria-hidden={true}
            className="MuiSvgIcon-root MuiSvgIcon-fontSizeMedium css-i4bv87-MuiSvgIcon-root"
            data-testid="MenuIcon"
            focusable="false"
            viewBox="0 0 24 24"
          >
            <path
              d="M3 18h18v-2H3v2zm0-5h18v-2H3v2zm0-7v2h18V6H3z"
            />
          </svg>
        </button>
        <h1
          className="MuiTypography-root MuiTypography-h6 MuiTypography-noWrap css-uh02xs-MuiTypography-root"
        >
          I18N Needed Here
           
          <br />
          Algún otro texto de texto
          <br />
        </h1>
        <div>
          <div
            className="MuiFormControl-root css-1869usk-MuiFormControl-root"
          >
            <div
              className="MuiInput-root MuiInput-underline MuiInputBase-root MuiInputBase-colorPrimary MuiInputBase-formControl MuiSelect-root css-163q0ur-MuiInputBase-root-MuiInput-root"
              onClick={[Function]}
            >
              <div
                aria-expanded="false"
                aria-haspopup="listbox"
                aria-labelledby="demo-simple-select-standard-label demo-simple-select-standard"
                className="MuiSelect-select MuiSelect-standard MuiInput-input MuiInputBase-input css-1rxz5jq-MuiSelect-select-MuiInputBase-input-MuiInput-input"
                id="demo-simple-select-standard"
                onBlur={[Function]}
                onFocus={[Function]}
                onKeyDown={[Function]}
                onMouseDown={[Function]}
                role="button"
                tabIndex={0}
              >
                México
              </div>
              <input
                aria-hidden={true}
                className="MuiSelect-nativeInput css-yf8vq0-MuiSelect-nativeInput"
                disabled={false}
                onAnimationStart={[Function]}
                onChange={[Function]}
                required={false}
                tabIndex={-1}
                value="es_mx"
              />
              <svg
                aria-hidden={true}
                className="MuiSvgIcon-root MuiSvgIcon-fontSizeMedium MuiSelect-icon MuiSelect-iconStandard css-pqjvzy-MuiSvgIcon-root-MuiSelect-icon"
                data-testid="ArrowDropDownIcon"
                focusable="false"
                viewBox="0 0 24 24"
              >
                <path
                  d="M7 10l5 5 5-5z"
                />
              </svg>
            </div>
          </div>
        </div>
        <button
          className="MuiButtonBase-root MuiIconButton-root MuiIconButton-colorInherit MuiIconButton-sizeMedium css-zylse7-MuiButtonBase-root-MuiIconButton-root"
          disabled={false}
          onBlur={[Function]}
          onContextMenu={[Function]}
          onDragLeave={[Function]}
          onFocus={[Function]}
          onKeyDown={[Function]}
          onKeyUp={[Function]}
          onMouseDown={[Function]}
          onMouseLeave={[Function]}
          onMouseUp={[Function]}
          onTouchEnd={[Function]}
          onTouchMove={[Function]}
          onTouchStart={[Function]}
          tabIndex={0}
          type="button"
        >
          <span
            className="MuiBadge-root css-1c32n2y-MuiBadge-root"
          >
            <svg
              aria-hidden={true}
              className="MuiSvgIcon-root MuiSvgIcon-fontSizeMedium css-i4bv87-MuiSvgIcon-root"
              data-testid="NotificationsIcon"
              focusable="false"
              viewBox="0 0 24 24"
            >
              <path
                d="M12 22c1.1 0 2-.9 2-2h-4c0 1.1.89 2 2 2zm6-6v-5c0-3.07-1.64-5.64-4.5-6.32V4c0-.83-.67-1.5-1.5-1.5s-1.5.67-1.5 1.5v.68C7.63 5.36 6 7.92 6 11v5l-2 2v1h16v-1l-2-2z"
              />
            </svg>
            <span
              className="MuiBadge-colorSecondary MuiBadge-badge MuiBadge-standard MuiBadge-anchorOriginTopRightRectangular css-jcn4dz-MuiBadge-badge"
            >
              4
            </span>
          </span>
        </button>
      </div>
    </header>
    <div
      className="MuiDrawer-root MuiDrawer-docked css-cvumne-MuiDrawer-docked"
    >
      <div
        className="MuiPaper-root MuiPaper-elevation MuiPaper-elevation0 MuiDrawer-paper MuiDrawer-paperAnchorLeft MuiDrawer-paperAnchorDockedLeft css-12i7wg6-MuiPaper-root-MuiDrawer-paper"
      >
        <div
          className="MuiToolbar-root MuiToolbar-gutters MuiToolbar-regular css-jr57cz-MuiToolbar-root"
        >
          <button
            aria-label="close drawer"
            className="MuiButtonBase-root MuiIconButton-root MuiIconButton-sizeMedium css-78trlr-MuiButtonBase-root-MuiIconButton-root"
            disabled={false}
            onBlur={[Function]}
            onClick={[Function]}
            onContextMenu={[Function]}
            onDragLeave={[Function]}
            onFocus={[Function]}
            onKeyDown={[Function]}
            onKeyUp={[Function]}
            onMouseDown={[Function]}
            onMouseLeave={[Function]}
            onMouseUp={[Function]}
            onTouchEnd={[Function]}
            onTouchMove={[Function]}
            onTouchStart={[Function]}
            tabIndex={0}
            type="button"
          >
            <svg
              aria-hidden={true}
              className="MuiSvgIcon-root MuiSvgIcon-fontSizeMedium css-i4bv87-MuiSvgIcon-root"
              data-testid="ChevronLeftIcon"
              focusable="false"
              viewBox="0 0 24 24"
            >
              <path
                d="M15.41 7.41 14 6l-6 6 6 6 1.41-1.41L10.83 12z"
              />
            </svg>
          </button>
        </div>
        <hr
          className="MuiDivider-root MuiDivider-fullWidth css-9mgopn-MuiDivider-root"
        />
        <ul
          className="MuiList-root MuiList-padding css-h4y409-MuiList-root"
        >
          <a
            aria-current="page"
            className="MuiButtonBase-root MuiListItem-root MuiListItem-gutters MuiListItem-padding MuiListItem-button Mui-selected css-1k05fgf-MuiButtonBase-root-MuiListItem-root active"
            href="/"
            onBlur={[Function]}
            onClick={[Function]}
            onContextMenu={[Function]}
            onDragLeave={[Function]}
            onFocus={[Function]}
            onKeyDown={[Function]}
            onKeyUp={[Function]}
            onMouseDown={[Function]}
            onMouseLeave={[Function]}
            onMouseUp={[Function]}
            onTouchEnd={[Function]}
            onTouchMove={[Function]}
            onTouchStart={[Function]}
            style={Object {}}
            tabIndex={0}
          >
            <div
              className="MuiListItemIcon-root css-cveggr-MuiListItemIcon-root"
            >
              <svg
                aria-hidden={true}
                className="MuiSvgIcon-root MuiSvgIcon-fontSizeMedium css-i4bv87-MuiSvgIcon-root"
                data-testid="DashboardIcon"
                focusable="false"
                viewBox="0 0 24 24"
              >
                <path
                  d="M3 13h8V3H3v10zm0 8h8v-6H3v6zm10 0h8V11h-8v10zm0-18v6h8V3h-8z"
                />
              </svg>
            </div>
            <div
              className="MuiListItemText-root css-tlelie-MuiListItemText-root"
            >
              <span
                className="MuiTypography-root MuiTypography-body1 MuiListItemText-primary css-10hburv-MuiTypography-root"
              >
                Home
              </span>
            </div>
          </a>
          <a
            aria-current={null}
            className="MuiButtonBase-root MuiListItem-root MuiListItem-gutters MuiListItem-padding MuiListItem-button css-1k05fgf-MuiButtonBase-root-MuiListItem-root"
            href="/predicate-demo"
            onBlur={[Function]}
            onClick={[Function]}
            onContextMenu={[Function]}
            onDragLeave={[Function]}
            onFocus={[Function]}
            onKeyDown={[Function]}
            onKeyUp={[Function]}
            onMouseDown={[Function]}
            onMouseLeave={[Function]}
            onMouseUp={[Function]}
            onTouchEnd={[Function]}
            onTouchMove={[Function]}
            onTouchStart={[Function]}
            tabIndex={0}
          >
            <div
              className="MuiListItemIcon-root css-cveggr-MuiListItemIcon-root"
            >
              <svg
                aria-hidden={true}
                className="MuiSvgIcon-root MuiSvgIcon-fontSizeMedium css-i4bv87-MuiSvgIcon-root"
                data-testid="LayersIcon"
                focusable="false"
                viewBox="0 0 24 24"
              >
                <path
                  d="m11.99 18.54-7.37-5.73L3 14.07l9 7 9-7-1.63-1.27-7.38 5.74zM12 16l7.36-5.73L21 9l-9-7-9 7 1.63 1.27L12 16z"
                />
              </svg>
            </div>
            <div
              className="MuiListItemText-root css-tlelie-MuiListItemText-root"
            >
              <span
                className="MuiTypography-root MuiTypography-body1 MuiListItemText-primary css-10hburv-MuiTypography-root"
              >
                Predicate Tree (build)
              </span>
            </div>
          </a>
          <a
            aria-current={null}
            className="MuiButtonBase-root MuiListItem-root MuiListItem-gutters MuiListItem-padding MuiListItem-button css-1k05fgf-MuiButtonBase-root-MuiListItem-root"
            href="/projection-demo"
            onBlur={[Function]}
            onClick={[Function]}
            onContextMenu={[Function]}
            onDragLeave={[Function]}
            onFocus={[Function]}
            onKeyDown={[Function]}
            onKeyUp={[Function]}
            onMouseDown={[Function]}
            onMouseLeave={[Function]}
            onMouseUp={[Function]}
            onTouchEnd={[Function]}
            onTouchMove={[Function]}
            onTouchStart={[Function]}
            tabIndex={0}
          >
            <div
              className="MuiListItemIcon-root css-cveggr-MuiListItemIcon-root"
            >
              <svg
                aria-hidden={true}
                className="MuiSvgIcon-root MuiSvgIcon-fontSizeMedium css-i4bv87-MuiSvgIcon-root"
                data-testid="LayersIcon"
                focusable="false"
                viewBox="0 0 24 24"
              >
                <path
                  d="m11.99 18.54-7.37-5.73L3 14.07l9 7 9-7-1.63-1.27-7.38 5.74zM12 16l7.36-5.73L21 9l-9-7-9 7 1.63 1.27L12 16z"
                />
              </svg>
            </div>
            <div
              className="MuiListItemText-root css-tlelie-MuiListItemText-root"
            >
              <span
                className="MuiTypography-root MuiTypography-body1 MuiListItemText-primary css-10hburv-MuiTypography-root"
              >
                Projections (Columns)
              </span>
            </div>
          </a>
          <a
            aria-current={null}
            className="MuiButtonBase-root MuiListItem-root MuiListItem-gutters MuiListItem-padding MuiListItem-button css-1k05fgf-MuiButtonBase-root-MuiListItem-root"
            href="/application-features"
            onBlur={[Function]}
            onClick={[Function]}
            onContextMenu={[Function]}
            onDragLeave={[Function]}
            onFocus={[Function]}
            onKeyDown={[Function]}
            onKeyUp={[Function]}
            onMouseDown={[Function]}
            onMouseLeave={[Function]}
            onMouseUp={[Function]}
            onTouchEnd={[Function]}
            onTouchMove={[Function]}
            onTouchStart={[Function]}
            tabIndex={0}
          >
            <div
              className="MuiListItemIcon-root css-cveggr-MuiListItemIcon-root"
            >
              <svg
                aria-hidden={true}
                className="MuiSvgIcon-root MuiSvgIcon-fontSizeMedium css-i4bv87-MuiSvgIcon-root"
                data-testid="DashboardIcon"
                focusable="false"
                viewBox="0 0 24 24"
              >
                <path
                  d="M3 13h8V3H3v10zm0 8h8v-6H3v6zm10 0h8V11h-8v10zm0-18v6h8V3h-8z"
                />
              </svg>
            </div>
            <div
              className="MuiListItemText-root css-tlelie-MuiListItemText-root"
            >
              <span
                className="MuiTypography-root MuiTypography-body1 MuiListItemText-primary css-10hburv-MuiTypography-root"
              >
                Application Features
              </span>
            </div>
          </a>
          <a
            aria-current={null}
            className="MuiButtonBase-root MuiListItem-root MuiListItem-gutters MuiListItem-padding MuiListItem-button css-1k05fgf-MuiButtonBase-root-MuiListItem-root"
            href="/blank-page"
            onBlur={[Function]}
            onClick={[Function]}
            onContextMenu={[Function]}
            onDragLeave={[Function]}
            onFocus={[Function]}
            onKeyDown={[Function]}
            onKeyUp={[Function]}
            onMouseDown={[Function]}
            onMouseLeave={[Function]}
            onMouseUp={[Function]}
            onTouchEnd={[Function]}
            onTouchMove={[Function]}
            onTouchStart={[Function]}
            tabIndex={0}
          >
            <div
              className="MuiListItemIcon-root css-cveggr-MuiListItemIcon-root"
            >
              <svg
                aria-hidden={true}
                className="MuiSvgIcon-root MuiSvgIcon-fontSizeMedium css-i4bv87-MuiSvgIcon-root"
                data-testid="PeopleIcon"
                focusable="false"
                viewBox="0 0 24 24"
              >
                <path
                  d="M16 11c1.66 0 2.99-1.34 2.99-3S17.66 5 16 5c-1.66 0-3 1.34-3 3s1.34 3 3 3zm-8 0c1.66 0 2.99-1.34 2.99-3S9.66 5 8 5C6.34 5 5 6.34 5 8s1.34 3 3 3zm0 2c-2.33 0-7 1.17-7 3.5V19h14v-2.5c0-2.33-4.67-3.5-7-3.5zm8 0c-.29 0-.62.02-.97.05 1.16.84 1.97 1.97 1.97 3.45V19h6v-2.5c0-2.33-4.67-3.5-7-3.5z"
                />
              </svg>
            </div>
            <div
              className="MuiListItemText-root css-tlelie-MuiListItemText-root"
            >
              <span
                className="MuiTypography-root MuiTypography-body1 MuiListItemText-primary css-10hburv-MuiTypography-root"
              >
                Blank Page
              </span>
            </div>
          </a>
          <li
            className="MuiListSubheader-root MuiListSubheader-gutters MuiListSubheader-inset MuiListSubheader-sticky css-mkzahr-MuiListSubheader-root"
          >
            Filler Not Used
          </li>
          <div
            className="MuiButtonBase-root MuiListItem-root MuiListItem-gutters MuiListItem-padding MuiListItem-button css-bshv44-MuiButtonBase-root-MuiListItem-root"
            onBlur={[Function]}
            onContextMenu={[Function]}
            onDragLeave={[Function]}
            onFocus={[Function]}
            onKeyDown={[Function]}
            onKeyUp={[Function]}
            onMouseDown={[Function]}
            onMouseLeave={[Function]}
            onMouseUp={[Function]}
            onTouchEnd={[Function]}
            onTouchMove={[Function]}
            onTouchStart={[Function]}
            role="button"
            tabIndex={0}
          >
            <div
              className="MuiListItemIcon-root css-cveggr-MuiListItemIcon-root"
            >
              <svg
                aria-hidden={true}
                className="MuiSvgIcon-root MuiSvgIcon-fontSizeMedium css-i4bv87-MuiSvgIcon-root"
                data-testid="PeopleIcon"
                focusable="false"
                viewBox="0 0 24 24"
              >
                <path
                  d="M16 11c1.66 0 2.99-1.34 2.99-3S17.66 5 16 5c-1.66 0-3 1.34-3 3s1.34 3 3 3zm-8 0c1.66 0 2.99-1.34 2.99-3S9.66 5 8 5C6.34 5 5 6.34 5 8s1.34 3 3 3zm0 2c-2.33 0-7 1.17-7 3.5V19h14v-2.5c0-2.33-4.67-3.5-7-3.5zm8 0c-.29 0-.62.02-.97.05 1.16.84 1.97 1.97 1.97 3.45V19h6v-2.5c0-2.33-4.67-3.5-7-3.5z"
                />
              </svg>
            </div>
            <div
              className="MuiListItemText-root css-tlelie-MuiListItemText-root"
            >
              <span
                className="MuiTypography-root MuiTypography-body1 MuiListItemText-primary css-10hburv-MuiTypography-root"
              >
                Customers
              </span>
            </div>
          </div>
          <div
            className="MuiButtonBase-root MuiListItem-root MuiListItem-gutters MuiListItem-padding MuiListItem-button css-bshv44-MuiButtonBase-root-MuiListItem-root"
            onBlur={[Function]}
            onContextMenu={[Function]}
            onDragLeave={[Function]}
            onFocus={[Function]}
            onKeyDown={[Function]}
            onKeyUp={[Function]}
            onMouseDown={[Function]}
            onMouseLeave={[Function]}
            onMouseUp={[Function]}
            onTouchEnd={[Function]}
            onTouchMove={[Function]}
            onTouchStart={[Function]}
            role="button"
            tabIndex={0}
          >
            <div
              className="MuiListItemIcon-root css-cveggr-MuiListItemIcon-root"
            >
              <svg
                aria-hidden={true}
                className="MuiSvgIcon-root MuiSvgIcon-fontSizeMedium css-i4bv87-MuiSvgIcon-root"
                data-testid="BarChartIcon"
                focusable="false"
                viewBox="0 0 24 24"
              >
                <path
                  d="M5 9.2h3V19H5zM10.6 5h2.8v14h-2.8zm5.6 8H19v6h-2.8z"
                />
              </svg>
            </div>
            <div
              className="MuiListItemText-root css-tlelie-MuiListItemText-root"
            >
              <span
                className="MuiTypography-root MuiTypography-body1 MuiListItemText-primary css-10hburv-MuiTypography-root"
              >
                Reports
              </span>
            </div>
          </div>
          <div
            className="MuiButtonBase-root MuiListItem-root MuiListItem-gutters MuiListItem-padding MuiListItem-button css-bshv44-MuiButtonBase-root-MuiListItem-root"
            onBlur={[Function]}
            onContextMenu={[Function]}
            onDragLeave={[Function]}
            onFocus={[Function]}
            onKeyDown={[Function]}
            onKeyUp={[Function]}
            onMouseDown={[Function]}
            onMouseLeave={[Function]}
            onMouseUp={[Function]}
            onTouchEnd={[Function]}
            onTouchMove={[Function]}
            onTouchStart={[Function]}
            role="button"
            tabIndex={0}
          >
            <div
              className="MuiListItemIcon-root css-cveggr-MuiListItemIcon-root"
            >
              <svg
                aria-hidden={true}
                className="MuiSvgIcon-root MuiSvgIcon-fontSizeMedium css-i4bv87-MuiSvgIcon-root"
                data-testid="LayersIcon"
                focusable="false"
                viewBox="0 0 24 24"
              >
                <path
                  d="m11.99 18.54-7.37-5.73L3 14.07l9 7 9-7-1.63-1.27-7.38 5.74zM12 16l7.36-5.73L21 9l-9-7-9 7 1.63 1.27L12 16z"
                />
              </svg>
            </div>
            <div
              className="MuiListItemText-root css-tlelie-MuiListItemText-root"
            >
              <span
                className="MuiTypography-root MuiTypography-body1 MuiListItemText-primary css-10hburv-MuiTypography-root"
              >
                Integrations
              </span>
            </div>
          </div>
        </ul>
        <hr
          className="MuiDivider-root MuiDivider-fullWidth css-9mgopn-MuiDivider-root"
        />
        <ul
          className="MuiList-root MuiList-padding css-h4y409-MuiList-root"
        >
          <li
            className="MuiListSubheader-root MuiListSubheader-gutters MuiListSubheader-inset MuiListSubheader-sticky css-mkzahr-MuiListSubheader-root"
          >
            Saved reports
          </li>
          <div
            className="MuiButtonBase-root MuiListItem-root MuiListItem-gutters MuiListItem-padding MuiListItem-button css-bshv44-MuiButtonBase-root-MuiListItem-root"
            onBlur={[Function]}
            onContextMenu={[Function]}
            onDragLeave={[Function]}
            onFocus={[Function]}
            onKeyDown={[Function]}
            onKeyUp={[Function]}
            onMouseDown={[Function]}
            onMouseLeave={[Function]}
            onMouseUp={[Function]}
            onTouchEnd={[Function]}
            onTouchMove={[Function]}
            onTouchStart={[Function]}
            role="button"
            tabIndex={0}
          >
            <div
              className="MuiListItemIcon-root css-cveggr-MuiListItemIcon-root"
            >
              <svg
                aria-hidden={true}
                className="MuiSvgIcon-root MuiSvgIcon-fontSizeMedium css-i4bv87-MuiSvgIcon-root"
                data-testid="ShoppingCartIcon"
                focusable="false"
                viewBox="0 0 24 24"
              >
                <path
                  d="M7 18c-1.1 0-1.99.9-1.99 2S5.9 22 7 22s2-.9 2-2-.9-2-2-2zM1 2v2h2l3.6 7.59-1.35 2.45c-.16.28-.25.61-.25.96 0 1.1.9 2 2 2h12v-2H7.42c-.14 0-.25-.11-.25-.25l.03-.12.9-1.63h7.45c.75 0 1.41-.41 1.75-1.03l3.58-6.49c.08-.14.12-.31.12-.48 0-.55-.45-1-1-1H5.21l-.94-2H1zm16 16c-1.1 0-1.99.9-1.99 2s.89 2 1.99 2 2-.9 2-2-.9-2-2-2z"
                />
              </svg>
            </div>
            <div
              className="MuiListItemText-root css-tlelie-MuiListItemText-root"
            >
              <span
                className="MuiTypography-root MuiTypography-body1 MuiListItemText-primary css-10hburv-MuiTypography-root"
              >
                Orders
              </span>
            </div>
          </div>
          <div
            className="MuiButtonBase-root MuiListItem-root MuiListItem-gutters MuiListItem-padding MuiListItem-button css-bshv44-MuiButtonBase-root-MuiListItem-root"
            onBlur={[Function]}
            onContextMenu={[Function]}
            onDragLeave={[Function]}
            onFocus={[Function]}
            onKeyDown={[Function]}
            onKeyUp={[Function]}
            onMouseDown={[Function]}
            onMouseLeave={[Function]}
            onMouseUp={[Function]}
            onTouchEnd={[Function]}
            onTouchMove={[Function]}
            onTouchStart={[Function]}
            role="button"
            tabIndex={0}
          >
            <div
              className="MuiListItemIcon-root css-cveggr-MuiListItemIcon-root"
            >
              <svg
                aria-hidden={true}
                className="MuiSvgIcon-root MuiSvgIcon-fontSizeMedium css-i4bv87-MuiSvgIcon-root"
                data-testid="AssignmentIcon"
                focusable="false"
                viewBox="0 0 24 24"
              >
                <path
                  d="M19 3h-4.18C14.4 1.84 13.3 1 12 1c-1.3 0-2.4.84-2.82 2H5c-1.1 0-2 .9-2 2v14c0 1.1.9 2 2 2h14c1.1 0 2-.9 2-2V5c0-1.1-.9-2-2-2zm-7 0c.55 0 1 .45 1 1s-.45 1-1 1-1-.45-1-1 .45-1 1-1zm2 14H7v-2h7v2zm3-4H7v-2h10v2zm0-4H7V7h10v2z"
                />
              </svg>
            </div>
            <div
              className="MuiListItemText-root css-tlelie-MuiListItemText-root"
            >
              <span
                className="MuiTypography-root MuiTypography-body1 MuiListItemText-primary css-10hburv-MuiTypography-root"
              >
                Current month
              </span>
            </div>
          </div>
          <div
            className="MuiButtonBase-root MuiListItem-root MuiListItem-gutters MuiListItem-padding MuiListItem-button css-bshv44-MuiButtonBase-root-MuiListItem-root"
            onBlur={[Function]}
            onContextMenu={[Function]}
            onDragLeave={[Function]}
            onFocus={[Function]}
            onKeyDown={[Function]}
            onKeyUp={[Function]}
            onMouseDown={[Function]}
            onMouseLeave={[Function]}
            onMouseUp={[Function]}
            onTouchEnd={[Function]}
            onTouchMove={[Function]}
            onTouchStart={[Function]}
            role="button"
            tabIndex={0}
          >
            <div
              className="MuiListItemIcon-root css-cveggr-MuiListItemIcon-root"
            >
              <svg
                aria-hidden={true}
                className="MuiSvgIcon-root MuiSvgIcon-fontSizeMedium css-i4bv87-MuiSvgIcon-root"
                data-testid="AssignmentIcon"
                focusable="false"
                viewBox="0 0 24 24"
              >
                <path
                  d="M19 3h-4.18C14.4 1.84 13.3 1 12 1c-1.3 0-2.4.84-2.82 2H5c-1.1 0-2 .9-2 2v14c0 1.1.9 2 2 2h14c1.1 0 2-.9 2-2V5c0-1.1-.9-2-2-2zm-7 0c.55 0 1 .45 1 1s-.45 1-1 1-1-.45-1-1 .45-1 1-1zm2 14H7v-2h7v2zm3-4H7v-2h10v2zm0-4H7V7h10v2z"
                />
              </svg>
            </div>
            <div
              className="MuiListItemText-root css-tlelie-MuiListItemText-root"
            >
              <span
                className="MuiTypography-root MuiTypography-body1 MuiListItemText-primary css-10hburv-MuiTypography-root"
              >
                Last quarter
              </span>
            </div>
          </div>
          <div
            className="MuiButtonBase-root MuiListItem-root MuiListItem-gutters MuiListItem-padding MuiListItem-button css-bshv44-MuiButtonBase-root-MuiListItem-root"
            onBlur={[Function]}
            onContextMenu={[Function]}
            onDragLeave={[Function]}
            onFocus={[Function]}
            onKeyDown={[Function]}
            onKeyUp={[Function]}
            onMouseDown={[Function]}
            onMouseLeave={[Function]}
            onMouseUp={[Function]}
            onTouchEnd={[Function]}
            onTouchMove={[Function]}
            onTouchStart={[Function]}
            role="button"
            tabIndex={0}
          >
            <div
              className="MuiListItemIcon-root css-cveggr-MuiListItemIcon-root"
            >
              <svg
                aria-hidden={true}
                className="MuiSvgIcon-root MuiSvgIcon-fontSizeMedium css-i4bv87-MuiSvgIcon-root"
                data-testid="AssignmentIcon"
                focusable="false"
                viewBox="0 0 24 24"
              >
                <path
                  d="M19 3h-4.18C14.4 1.84 13.3 1 12 1c-1.3 0-2.4.84-2.82 2H5c-1.1 0-2 .9-2 2v14c0 1.1.9 2 2 2h14c1.1 0 2-.9 2-2V5c0-1.1-.9-2-2-2zm-7 0c.55 0 1 .45 1 1s-.45 1-1 1-1-.45-1-1 .45-1 1-1zm2 14H7v-2h7v2zm3-4H7v-2h10v2zm0-4H7V7h10v2z"
                />
              </svg>
            </div>
            <div
              className="MuiListItemText-root css-tlelie-MuiListItemText-root"
            >
              <span
                className="MuiTypography-root MuiTypography-body1 MuiListItemText-primary css-10hburv-MuiTypography-root"
              >
                Year-end sale
              </span>
            </div>
          </div>
        </ul>
      </div>
    </div>
    <main
      className="MuiBox-root css-fxbtpg"
    >
      <div
        className="MuiToolbar-root MuiToolbar-gutters MuiToolbar-regular css-1t29gy6-MuiToolbar-root"
      />
       
      <div
        className="MuiPaper-root MuiPaper-elevation MuiPaper-rounded MuiPaper-elevation1 css-yw0vfs-MuiPaper-root"
      >
        This site is set-up to showcase components. Its a work in progress and kind of boring. The two notable functionalities are:
        <ul>
          <li>
            Internationalization (choose your language top/right
          </li>
          <li>
            In-app message 
            <button
              className="MuiButton-root MuiButton-text MuiButton-textPrimary MuiButton-sizeMedium MuiButton-textSizeMedium MuiButtonBase-root css-1e6y48t-MuiButtonBase-root-MuiButton-root"
              disabled={false}
              onBlur={[Function]}
              onClick={[Function]}
              onContextMenu={[Function]}
              onDragLeave={[Function]}
              onFocus={[Function]}
              onKeyDown={[Function]}
              onKeyUp={[Function]}
              onMouseDown={[Function]}
              onMouseLeave={[Function]}
              onMouseUp={[Function]}
              onTouchEnd={[Function]}
              onTouchMove={[Function]}
              onTouchStart={[Function]}
              tabIndex={0}
              type="button"
            >
              Click here
            </button>
            .
          </li>
        </ul>
      </div>
      <span>
        Gabby App 2
      </span>
    </main>
  </div>,
]
`;
