// Jest Snapshot v1, https://goo.gl/fbAQLP

exports[`renders correctly 1`] = `
Array [
  " ",
  <div
    className="Toastify"
  />,
  <div
    className="MuiGrid-root MuiGrid-container MuiGrid-spacing-xs-3 css-uinpbw-MuiGrid-root"
  >
    <div
      className="MuiGrid-root MuiGrid-item MuiGrid-grid-xs-6 css-ayy8wd-MuiGrid-root"
    >
      <button
        aria-label="Finalizado"
        className="MuiButtonBase-root MuiIconButton-root MuiIconButton-colorSuccess MuiIconButton-sizeMedium css-1r6h6t4-MuiButtonBase-root-MuiIconButton-root"
        disabled={false}
        onBlur={[Function]}
        onClick={[Function]}
        onContextMenu={[Function]}
        onDragLeave={[Function]}
        onFocus={[Function]}
        onKeyDown={[Function]}
        onKeyUp={[Function]}
        onMouseDown={[Function]}
        onMouseLeave={[Function]}
        onMouseUp={[Function]}
        onTouchEnd={[Function]}
        onTouchMove={[Function]}
        onTouchStart={[Function]}
        tabIndex={0}
        type="button"
      >
        <svg
          aria-hidden={true}
          className="MuiSvgIcon-root MuiSvgIcon-fontSizeMedium css-i4bv87-MuiSvgIcon-root"
          data-testid="DoneSharpIcon"
          focusable="false"
          viewBox="0 0 24 24"
        >
          <path
            d="M9 16.2 4.8 12l-1.4 1.4L9 19 21 7l-1.4-1.4L9 16.2z"
          />
        </svg>
      </button>
    </div>
    <div
      className="MuiGrid-root MuiGrid-item MuiGrid-grid-xs-6 css-ayy8wd-MuiGrid-root"
    >
      <button
        aria-label="Cancelar"
        className="MuiButtonBase-root MuiIconButton-root MuiIconButton-colorError MuiIconButton-sizeMedium css-1jo1f9u-MuiButtonBase-root-MuiIconButton-root"
        disabled={false}
        onBlur={[Function]}
        onClick={[Function]}
        onContextMenu={[Function]}
        onDragLeave={[Function]}
        onFocus={[Function]}
        onKeyDown={[Function]}
        onKeyUp={[Function]}
        onMouseDown={[Function]}
        onMouseLeave={[Function]}
        onMouseUp={[Function]}
        onTouchEnd={[Function]}
        onTouchMove={[Function]}
        onTouchStart={[Function]}
        tabIndex={0}
        type="button"
      >
        <svg
          aria-hidden={true}
          className="MuiSvgIcon-root MuiSvgIcon-fontSizeMedium css-i4bv87-MuiSvgIcon-root"
          data-testid="ClearSharpIcon"
          focusable="false"
          viewBox="0 0 24 24"
        >
          <path
            d="M19 6.41 17.59 5 12 10.59 6.41 5 5 6.41 10.59 12 5 17.59 6.41 19 12 13.41 17.59 19 19 17.59 13.41 12 19 6.41z"
          />
        </svg>
      </button>
    </div>
  </div>,
]
`;
